******************************************************************************
                  TI ARM Linker PC v20.2.0                     
******************************************************************************
>> Linked Sat Jan 16 21:53:19 2021

OUTPUT FILE NAME:   <Template_2.out>
ENTRY POINT SYMBOL: "_c_int00_noinit_noargs"  address: 00000559


MEMORY CONFIGURATION

         name            origin    length      used     unused   attr    fill
----------------------  --------  ---------  --------  --------  ----  --------
  FLASH                 00000000   00040000  000005ec  0003fa14  R  X
  SRAM                  20000000   00008000  00000200  00007e00  RW X


SEGMENT ALLOCATION MAP

run origin  load origin   length   init length attrs members
----------  ----------- ---------- ----------- ----- -------
00000000    00000000    000005ec   000005ec    r-x
  00000000    00000000    0000026c   0000026c    r-- .intvecs
  0000026c    0000026c    00000380   00000380    r-x .text
20000000    20000000    00000200   00000000    rw-
  20000000    20000000    00000200   00000000    rw- .stack


SECTION ALLOCATION MAP

 output                                  attributes/
section   page    origin      length       input sections
--------  ----  ----------  ----------   ----------------
.intvecs   0    00000000    0000026c     
                  00000000    0000026c     tm4c123gh6pm_startup_ccs.obj (.intvecs)

.text      0    0000026c    00000380     
                  0000026c    000000f4     driverlib.lib : sysctl.obj (.text:SysCtlClockSet)
                  00000360    000000c8     main.obj (.text)
                  00000428    0000007a     driverlib.lib : adc.obj (.text:ADCSequenceStepConfigure)
                  000004a2    00000050                   : adc.obj (.text:ADCSequenceConfigure)
                  000004f2    00000002     --HOLE-- [fill = 0]
                  000004f4    00000034                   : sysctl.obj (.text:SysCtlPeripheralEnable)
                  00000528    0000002e                   : adc.obj (.text:ADCIntStatus)
                  00000556    00000002     --HOLE-- [fill = 0]
                  00000558    0000002c     rtsv7M4_T_le_v4SPD16_eabi.lib : boot_cortex_m.c.obj (.text:_c_int00_noinit_noargs:_c_int00_noinit_noargs)
                  00000584    0000001e     driverlib.lib : adc.obj (.text:ADCSequenceDataGet)
                  000005a2    00000018                   : adc.obj (.text:ADCProcessorTrigger)
                  000005ba    0000000e                   : adc.obj (.text:ADCSequenceEnable)
                  000005c8    0000000c     tm4c123gh6pm_startup_ccs.obj (.text)
                  000005d4    0000000a     driverlib.lib : adc.obj (.text:ADCIntClear)
                  000005de    00000006                   : sysctl.obj (.text:SysCtlDelay)
                  000005e4    00000004     rtsv7M4_T_le_v4SPD16_eabi.lib : pre_init.c.obj (.text:_system_pre_init)
                  000005e8    00000004                                   : exit.c.obj (.text:abort:abort)

.cinit     0    00000000    00000000     UNINITIALIZED

.init_array 
*          0    00000000    00000000     UNINITIALIZED

.stack     0    20000000    00000200     UNINITIALIZED
                  20000000    00000004     rtsv7M4_T_le_v4SPD16_eabi.lib : boot_cortex_m.c.obj (.stack)
                  20000004    000001fc     --HOLE--

__llvm_prf_cnts 
*          0    20000000    00000000     UNINITIALIZED

MODULE SUMMARY

       Module                         code   ro data   rw data
       ------                         ----   -------   -------
    .\
       tm4c123gh6pm_startup_ccs.obj   12     620       0      
       main.obj                       200    0         0      
    +--+------------------------------+------+---------+---------+
       Total:                         212    620       0      
                                                              
    C:/ti/TivaWare_C_Series-2.1.4.178/driverlib/ccs/Debug/driverlib.lib
       adc.obj                        326    0         0      
       sysctl.obj                     302    0         0      
    +--+------------------------------+------+---------+---------+
       Total:                         628    0         0      
                                                              
    C:\ti\ccs1000\ccs\tools\compiler\ti-cgt-arm_20.2.0.LTS\lib\rtsv7M4_T_le_v4SPD16_eabi.lib
       boot_cortex_m.c.obj            44     0         0      
       exit.c.obj                     4      0         0      
       pre_init.c.obj                 4      0         0      
    +--+------------------------------+------+---------+---------+
       Total:                         52     0         0      
                                                              
       Stack:                         0      0         512    
    +--+------------------------------+------+---------+---------+
       Grand Total:                   892    620       512    


GLOBAL SYMBOLS: SORTED ALPHABETICALLY BY Name 

address   name                    
-------   ----                    
000005d5  ADCIntClear             
00000529  ADCIntStatus            
000005a3  ADCProcessorTrigger     
000004a3  ADCSequenceConfigure    
00000585  ADCSequenceDataGet      
000005bb  ADCSequenceEnable       
00000429  ADCSequenceStepConfigure
000005e9  C$$EXIT                 
000005c9  ResetISR                
0000026d  SysCtlClockSet          
000005df  SysCtlDelay             
000004f5  SysCtlPeripheralEnable  
20000200  __STACK_END             
00000200  __STACK_SIZE            
20000200  __STACK_TOP             
ffffffff  __TI_pprof_out_hndl     
ffffffff  __TI_prof_data_size     
ffffffff  __TI_prof_data_start    
00000000  __TI_static_base__      
ffffffff  __binit__               
ffffffff  __c_args__              
UNDEFED   __mpu_init              
20000000  __stack                 
20000000  __start___llvm_prf_cnts 
20000000  __stop___llvm_prf_cnts  
00000559  _c_int00_noinit_noargs  
000005e5  _system_pre_init        
000005e9  abort                   
ffffffff  binit                   
00000000  g_pfnVectors            
00000361  main                    


GLOBAL SYMBOLS: SORTED BY Symbol Address 

address   name                    
-------   ----                    
00000000  __TI_static_base__      
00000000  g_pfnVectors            
00000200  __STACK_SIZE            
0000026d  SysCtlClockSet          
00000361  main                    
00000429  ADCSequenceStepConfigure
000004a3  ADCSequenceConfigure    
000004f5  SysCtlPeripheralEnable  
00000529  ADCIntStatus            
00000559  _c_int00_noinit_noargs  
00000585  ADCSequenceDataGet      
000005a3  ADCProcessorTrigger     
000005bb  ADCSequenceEnable       
000005c9  ResetISR                
000005d5  ADCIntClear             
000005df  SysCtlDelay             
000005e5  _system_pre_init        
000005e9  C$$EXIT                 
000005e9  abort                   
20000000  __stack                 
20000000  __start___llvm_prf_cnts 
20000000  __stop___llvm_prf_cnts  
20000200  __STACK_END             
20000200  __STACK_TOP             
ffffffff  __TI_pprof_out_hndl     
ffffffff  __TI_prof_data_size     
ffffffff  __TI_prof_data_start    
ffffffff  __binit__               
ffffffff  __c_args__              
ffffffff  binit                   
UNDEFED   __mpu_init              

[31 symbols]
